// Jest Snapshot v1, https://goo.gl/fbAQLP

exports[`renders correctly 1`] = `
<View>
  <RCTScrollView
    data={
      Array [
        "animal",
        "career",
        "celebrity",
        "dev",
        "explicit",
        "fashion",
        "food",
        "history",
        "money",
        "movie",
        "music",
        "political",
        "religion",
        "sport",
        "travel",
      ]
    }
    disableVirtualization={false}
    getItem={[Function]}
    getItemCount={[Function]}
    horizontal={false}
    initialNumToRender={10}
    keyExtractor={[Function]}
    maxToRenderPerBatch={10}
    numColumns={1}
    onContentSizeChange={[Function]}
    onEndReachedThreshold={2}
    onLayout={[Function]}
    onMomentumScrollEnd={[Function]}
    onScroll={[Function]}
    onScrollBeginDrag={[Function]}
    onScrollEndDrag={[Function]}
    removeClippedSubviews={false}
    renderItem={[Function]}
    scrollEventThrottle={50}
    stickyHeaderIndices={Array []}
    updateCellsBatchingPeriod={50}
    viewabilityConfigCallbackPairs={Array []}
    windowSize={21}
  >
    <View>
      <View
        onLayout={[Function]}
        style={null}
      >
        <View
          accessible={true}
          focusable={true}
          isTVSelectable={true}
          onClick={[Function]}
          onResponderGrant={[Function]}
          onResponderMove={[Function]}
          onResponderRelease={[Function]}
          onResponderTerminate={[Function]}
          onResponderTerminationRequest={[Function]}
          onStartShouldSetResponder={[Function]}
          style={
            Object {
              "opacity": 1,
              "paddingBottom": 20,
              "paddingLeft": 10,
              "paddingRight": 10,
              "paddingTop": 20,
            }
          }
        >
          <Text
            style={
              Array [
                Object {
                  "fontSize": 20,
                  "textTransform": "capitalize",
                },
              ]
            }
          >
            animal
          </Text>
        </View>
      </View>
      <View
        onLayout={[Function]}
        style={null}
      >
        <View
          accessible={true}
          focusable={true}
          isTVSelectable={true}
          onClick={[Function]}
          onResponderGrant={[Function]}
          onResponderMove={[Function]}
          onResponderRelease={[Function]}
          onResponderTerminate={[Function]}
          onResponderTerminationRequest={[Function]}
          onStartShouldSetResponder={[Function]}
          style={
            Object {
              "opacity": 1,
              "paddingBottom": 20,
              "paddingLeft": 10,
              "paddingRight": 10,
              "paddingTop": 20,
            }
          }
        >
          <Text
            style={
              Array [
                Object {
                  "fontSize": 20,
                  "textTransform": "capitalize",
                },
              ]
            }
          >
            career
          </Text>
        </View>
      </View>
      <View
        onLayout={[Function]}
        style={null}
      >
        <View
          accessible={true}
          focusable={true}
          isTVSelectable={true}
          onClick={[Function]}
          onResponderGrant={[Function]}
          onResponderMove={[Function]}
          onResponderRelease={[Function]}
          onResponderTerminate={[Function]}
          onResponderTerminationRequest={[Function]}
          onStartShouldSetResponder={[Function]}
          style={
            Object {
              "opacity": 1,
              "paddingBottom": 20,
              "paddingLeft": 10,
              "paddingRight": 10,
              "paddingTop": 20,
            }
          }
        >
          <Text
            style={
              Array [
                Object {
                  "fontSize": 20,
                  "textTransform": "capitalize",
                },
              ]
            }
          >
            celebrity
          </Text>
        </View>
      </View>
      <View
        onLayout={[Function]}
        style={null}
      >
        <View
          accessible={true}
          focusable={true}
          isTVSelectable={true}
          onClick={[Function]}
          onResponderGrant={[Function]}
          onResponderMove={[Function]}
          onResponderRelease={[Function]}
          onResponderTerminate={[Function]}
          onResponderTerminationRequest={[Function]}
          onStartShouldSetResponder={[Function]}
          style={
            Object {
              "opacity": 1,
              "paddingBottom": 20,
              "paddingLeft": 10,
              "paddingRight": 10,
              "paddingTop": 20,
            }
          }
        >
          <Text
            style={
              Array [
                Object {
                  "fontSize": 20,
                  "textTransform": "capitalize",
                },
              ]
            }
          >
            dev
          </Text>
        </View>
      </View>
      <View
        onLayout={[Function]}
        style={null}
      >
        <View
          accessible={true}
          focusable={true}
          isTVSelectable={true}
          onClick={[Function]}
          onResponderGrant={[Function]}
          onResponderMove={[Function]}
          onResponderRelease={[Function]}
          onResponderTerminate={[Function]}
          onResponderTerminationRequest={[Function]}
          onStartShouldSetResponder={[Function]}
          style={
            Object {
              "opacity": 1,
              "paddingBottom": 20,
              "paddingLeft": 10,
              "paddingRight": 10,
              "paddingTop": 20,
            }
          }
        >
          <Text
            style={
              Array [
                Object {
                  "fontSize": 20,
                  "textTransform": "capitalize",
                },
              ]
            }
          >
            explicit
          </Text>
        </View>
      </View>
      <View
        onLayout={[Function]}
        style={null}
      >
        <View
          accessible={true}
          focusable={true}
          isTVSelectable={true}
          onClick={[Function]}
          onResponderGrant={[Function]}
          onResponderMove={[Function]}
          onResponderRelease={[Function]}
          onResponderTerminate={[Function]}
          onResponderTerminationRequest={[Function]}
          onStartShouldSetResponder={[Function]}
          style={
            Object {
              "opacity": 1,
              "paddingBottom": 20,
              "paddingLeft": 10,
              "paddingRight": 10,
              "paddingTop": 20,
            }
          }
        >
          <Text
            style={
              Array [
                Object {
                  "fontSize": 20,
                  "textTransform": "capitalize",
                },
              ]
            }
          >
            fashion
          </Text>
        </View>
      </View>
      <View
        onLayout={[Function]}
        style={null}
      >
        <View
          accessible={true}
          focusable={true}
          isTVSelectable={true}
          onClick={[Function]}
          onResponderGrant={[Function]}
          onResponderMove={[Function]}
          onResponderRelease={[Function]}
          onResponderTerminate={[Function]}
          onResponderTerminationRequest={[Function]}
          onStartShouldSetResponder={[Function]}
          style={
            Object {
              "opacity": 1,
              "paddingBottom": 20,
              "paddingLeft": 10,
              "paddingRight": 10,
              "paddingTop": 20,
            }
          }
        >
          <Text
            style={
              Array [
                Object {
                  "fontSize": 20,
                  "textTransform": "capitalize",
                },
              ]
            }
          >
            food
          </Text>
        </View>
      </View>
      <View
        onLayout={[Function]}
        style={null}
      >
        <View
          accessible={true}
          focusable={true}
          isTVSelectable={true}
          onClick={[Function]}
          onResponderGrant={[Function]}
          onResponderMove={[Function]}
          onResponderRelease={[Function]}
          onResponderTerminate={[Function]}
          onResponderTerminationRequest={[Function]}
          onStartShouldSetResponder={[Function]}
          style={
            Object {
              "opacity": 1,
              "paddingBottom": 20,
              "paddingLeft": 10,
              "paddingRight": 10,
              "paddingTop": 20,
            }
          }
        >
          <Text
            style={
              Array [
                Object {
                  "fontSize": 20,
                  "textTransform": "capitalize",
                },
              ]
            }
          >
            history
          </Text>
        </View>
      </View>
      <View
        onLayout={[Function]}
        style={null}
      >
        <View
          accessible={true}
          focusable={true}
          isTVSelectable={true}
          onClick={[Function]}
          onResponderGrant={[Function]}
          onResponderMove={[Function]}
          onResponderRelease={[Function]}
          onResponderTerminate={[Function]}
          onResponderTerminationRequest={[Function]}
          onStartShouldSetResponder={[Function]}
          style={
            Object {
              "opacity": 1,
              "paddingBottom": 20,
              "paddingLeft": 10,
              "paddingRight": 10,
              "paddingTop": 20,
            }
          }
        >
          <Text
            style={
              Array [
                Object {
                  "fontSize": 20,
                  "textTransform": "capitalize",
                },
              ]
            }
          >
            money
          </Text>
        </View>
      </View>
      <View
        onLayout={[Function]}
        style={null}
      >
        <View
          accessible={true}
          focusable={true}
          isTVSelectable={true}
          onClick={[Function]}
          onResponderGrant={[Function]}
          onResponderMove={[Function]}
          onResponderRelease={[Function]}
          onResponderTerminate={[Function]}
          onResponderTerminationRequest={[Function]}
          onStartShouldSetResponder={[Function]}
          style={
            Object {
              "opacity": 1,
              "paddingBottom": 20,
              "paddingLeft": 10,
              "paddingRight": 10,
              "paddingTop": 20,
            }
          }
        >
          <Text
            style={
              Array [
                Object {
                  "fontSize": 20,
                  "textTransform": "capitalize",
                },
              ]
            }
          >
            movie
          </Text>
        </View>
      </View>
      <View
        style={
          Object {
            "height": 0,
          }
        }
      />
    </View>
  </RCTScrollView>
</View>
`;
